2022-03-18 00:51:23,720 inference INFO: Namespace(config_file='configs/pcl/resnet50.yml', opts=['MODEL.DIST_TRAIN', 'False', 'MODEL.DEVICE_ID', "('7')", 'TEST.WEIGHT', 'logs/r50_0317/resnet50_120.pth'], feat_file='features/resnet50.npy')
2022-03-18 00:51:23,721 inference INFO: Loaded configuration file configs/pcl/resnet50.yml
2022-03-18 00:51:23,721 inference INFO: 
MODEL:
  PRETRAIN_CHOICE: 'imagenet'
  PRETRAIN_PATH: '/home/huangkun/torchvision-models/checkpoints/resnet50-19c8e357.pth'
  METRIC_LOSS_TYPE: 'triplet'
  IF_LABELSMOOTH: 'off'
  IF_WITH_CENTER: 'no'
  NAME: 'resnet50'
  NO_MARGIN: True
  DEVICE_ID: ('0')
  STRIDE_SIZE: [16, 16]

INPUT:
  SIZE_TRAIN: [256, 128]
  SIZE_TEST: [256, 128]
  PROB: 0.5 # random horizontal flip
  RE_PROB: 0.5 # random erasing
  PADDING: 10
  PIXEL_MEAN: [0.5, 0.5, 0.5]
  PIXEL_STD: [0.5, 0.5, 0.5]

DATASETS:
  NAMES: ('pcl')
  ROOT_DIR: ('/home/huangkun/datasets/')

DATALOADER:
  SAMPLER: 'softmax_triplet'
  NUM_INSTANCE: 4
  NUM_WORKERS: 8

SOLVER:
  OPTIMIZER_NAME: 'SGD'
  MAX_EPOCHS: 120
  BASE_LR: 0.008
  IMS_PER_BATCH: 256
  WARMUP_METHOD: 'linear'
  LARGE_FC_LR: False
  CHECKPOINT_PERIOD: 20
  LOG_PERIOD: 50
  EVAL_PERIOD: 2000
  WEIGHT_DECAY:  1e-4
  WEIGHT_DECAY_BIAS: 1e-4
  BIAS_LR_FACTOR: 2

TEST:
  EVAL: True
  IMS_PER_BATCH: 256
  RE_RANKING: False
  WEIGHT: ''
  NECK_FEAT: 'before'
  FEAT_NORM: 'yes'

OUTPUT_DIR: '../logs/duke_vit_base'



2022-03-18 00:51:23,721 inference INFO: Running with config:
DATALOADER:
  NUM_INSTANCE: 4
  NUM_WORKERS: 8
  SAMPLER: softmax_triplet
DATASETS:
  NAMES: pcl
  ROOT_DIR: /home/huangkun/datasets/
INPUT:
  PADDING: 10
  PIXEL_MEAN: [0.5, 0.5, 0.5]
  PIXEL_STD: [0.5, 0.5, 0.5]
  PROB: 0.5
  RE_PROB: 0.5
  SIZE_TEST: [256, 128]
  SIZE_TRAIN: [256, 128]
MODEL:
  ATT_DROP_RATE: 0.0
  COS_LAYER: False
  DEVICE: cuda
  DEVICE_ID: 7
  DEVIDE_LENGTH: 4
  DIST_TRAIN: False
  DROP_OUT: 0.0
  DROP_PATH: 0.1
  ID_LOSS_TYPE: softmax
  ID_LOSS_WEIGHT: 1.0
  IF_LABELSMOOTH: off
  IF_WITH_CENTER: no
  JPM: False
  LAST_STRIDE: 1
  METRIC_LOSS_TYPE: triplet
  NAME: resnet50
  NECK: bnneck
  NO_MARGIN: True
  PRETRAIN_CHOICE: imagenet
  PRETRAIN_PATH: /home/huangkun/torchvision-models/checkpoints/resnet50-19c8e357.pth
  RE_ARRANGE: True
  SHIFT_NUM: 5
  SHUFFLE_GROUP: 2
  SIE_CAMERA: False
  SIE_COE: 3.0
  SIE_VIEW: False
  STRIDE_SIZE: [16, 16]
  TRANSFORMER_TYPE: None
  TRIPLET_LOSS_WEIGHT: 1.0
OUTPUT_DIR: ../logs/duke_vit_base
SOLVER:
  BASE_LR: 0.008
  BIAS_LR_FACTOR: 2
  CENTER_LOSS_WEIGHT: 0.0005
  CENTER_LR: 0.5
  CHECKPOINT_PERIOD: 20
  COSINE_MARGIN: 0.5
  COSINE_SCALE: 30
  EVAL_PERIOD: 2000
  GAMMA: 0.1
  IMS_PER_BATCH: 256
  LARGE_FC_LR: False
  LOG_PERIOD: 50
  MARGIN: 0.3
  MAX_EPOCHS: 120
  MOMENTUM: 0.9
  OPTIMIZER_NAME: SGD
  SEED: 1234
  STEPS: (40, 70)
  WARMUP_EPOCHS: 5
  WARMUP_FACTOR: 0.01
  WARMUP_METHOD: linear
  WEIGHT_DECAY: 0.0001
  WEIGHT_DECAY_BIAS: 0.0001
TEST:
  DIST_MAT: dist_mat.npy
  EVAL: True
  FEAT_NORM: yes
  IMS_PER_BATCH: 256
  NECK_FEAT: before
  RE_RANKING: False
  WEIGHT: logs/r50_0317/resnet50_120.pth
